../Core/Src/App/pv_app.c:48:6:clear_terminal	8	static
../Core/Src/App/pv_app.c:54:6:GPS_print	32	static
../Core/Src/App/pv_app.c:98:9:do_state_init	16	static
../Core/Src/App/pv_app.c:120:9:do_state_standby	40	static
../Core/Src/App/pv_app.c:154:9:do_state_rescue	496	static
../Core/Src/App/pv_app.c:195:9:do_state_emergency	16	static
../Core/Src/App/pv_app.c:229:9:do_state_test	16	static
../Core/Src/App/pv_app.c:238:9:do_state_error	16	static
../Core/Src/App/pv_app.c:263:9:run_state	16	static
../Core/Src/App/pv_app.c:270:6:pv_run	24	static
