../Core/Src/App/nRF24.c:32:13:nRF24_Delay_ms	16	static
../Core/Src/App/nRF24.c:37:13:nRF24_SendSpi	16	static
../Core/Src/App/nRF24.c:42:13:nRF24_ReadSpi	16	static
../Core/Src/App/nRF24.c:51:16:nRF24_ReadRegister	32	static
../Core/Src/App/nRF24.c:65:13:nRF24_ReadRegisters	16	static
../Core/Src/App/nRF24.c:77:13:nRF24_WriteRegister	32	static
../Core/Src/App/nRF24.c:91:13:nRF24_WriteRegisters	16	static
../Core/Src/App/nRF24.c:103:6:nRF24_RX_Mode	24	static
../Core/Src/App/nRF24.c:124:6:nRF24_TX_Mode	24	static
../Core/Src/App/nRF24.c:146:9:nRF24_ReadConfig	8	static
../Core/Src/App/nRF24.c:151:6:nRF24_WriteConfig	16	static
../Core/Src/App/nRF24.c:156:6:nRF24_SetPALevel	32	static
../Core/Src/App/nRF24.c:164:6:nRF24_SetDataRate	32	static
../Core/Src/App/nRF24.c:175:9:nRF24_ReadStatus	8	static
../Core/Src/App/nRF24.c:180:6:nRF24_WriteStatus	16	static
../Core/Src/App/nRF24.c:189:9:nRF24_ReadFifoStatus	8	static
../Core/Src/App/nRF24.c:194:6:nRF24_WriteFifoStatus	16	static
../Core/Src/App/nRF24.c:199:9:nRF24_IsBitSetInFifoStatus	32	static
../Core/Src/App/nRF24.c:213:9:nRF24_IsTxReuse	8	static
../Core/Src/App/nRF24.c:218:9:nRF24_IsTxFull	8	static
../Core/Src/App/nRF24.c:223:9:nRF24_IsTxEmpty	8	static
../Core/Src/App/nRF24.c:228:9:nRF24_IsRxFull	8	static
../Core/Src/App/nRF24.c:233:9:nRF24_IsRxEmpty	8	static
../Core/Src/App/nRF24.c:238:6:nRF24_FlushRX	16	static
../Core/Src/App/nRF24.c:247:6:nRF24_FlushTX	16	static
../Core/Src/App/nRF24.c:256:6:nRF24_EnableCRC	32	static
../Core/Src/App/nRF24.c:267:6:nRF24_SetCRCLength	32	static
../Core/Src/App/nRF24.c:277:6:nRF24_SetRetries	16	static
../Core/Src/App/nRF24.c:283:6:nRF24_SetRFChannel	16	static
../Core/Src/App/nRF24.c:288:6:nRF24_SetPayloadSize	16	static
../Core/Src/App/nRF24.c:295:6:nRF24_EnablePipe	32	static
../Core/Src/App/nRF24.c:307:6:nRF24_AutoACK	32	static
../Core/Src/App/nRF24.c:319:6:nRF24_SetAddressWidth	16	static
../Core/Src/App/nRF24.c:328:6:nRF24_SetRXAddress	24	static
../Core/Src/App/nRF24.c:345:6:nRF24_SetTXAddress	32	static
../Core/Src/App/nRF24.c:364:6:nRF24_ClearInterrupts	24	static
../Core/Src/App/nRF24.c:371:9:nRF24_GetDynamicPayloadSize	24	static
../Core/Src/App/nRF24.c:386:6:nRF24_EnableRXDataReadyIRQ	32	static
../Core/Src/App/nRF24.c:398:6:nRF24_EnableTXDataSentIRQ	32	static
../Core/Src/App/nRF24.c:410:6:nRF24_EnableMaxRetransmitIRQ	32	static
../Core/Src/App/nRF24.c:422:6:nRF24_WriteTXPayload	16	static
../Core/Src/App/nRF24.c:431:5:nRF24_WaitTX	24	static
../Core/Src/App/nRF24.c:451:6:nRF24_ReadRXPaylaod	16	static
../Core/Src/App/nRF24.c:466:17:nRF24_SendPacket	16	static
../Core/Src/App/nRF24.c:482:17:nRF24_ReceivePacket	16	static
../Core/Src/App/nRF24.c:497:9:nRF24_RXAvailible	24	static
../Core/Src/App/nRF24.c:512:6:nRF24_IRQ_Handler	8	static
../Core/Src/App/nRF24.c:518:6:nRF24_IRQ_Read	24	static
../Core/Src/App/nRF24.c:553:13:nRF24_EventRxCallback	8	static
../Core/Src/App/nRF24.c:558:13:nRF24_EventTxCallback	8	static
../Core/Src/App/nRF24.c:563:13:nRF24_EventMrCallback	8	static
../Core/Src/App/nRF24.c:568:6:nRF24_Event	8	static
../Core/Src/App/nRF24.c:591:6:nRF24_Init	16	static
