23:49:02 **** Incremental Build of configuration Debug for project sensory ****
make -j12 all 
arm-none-eabi-gcc -gdwarf-4 "../Core/Src/main.c" -mcpu=cortex-m0plus -std=gnu11 -g3 -DDEBUG -DUSE_HAL_DRIVER -DSTM32L053xx -c -I../Core/Inc -I../Drivers/STM32L0xx_HAL_Driver/Inc -I../Drivers/STM32L0xx_HAL_Driver/Inc/Legacy -I../Drivers/CMSIS/Device/ST/STM32L0xx/Include -I../Drivers/CMSIS/Include -O0 -ffunction-sections -fdata-sections -Wall -fstack-usage -fcyclomatic-complexity -MMD -MP -MF"Core/Src/main.d" -MT"Core/Src/main.o" --specs=nano.specs -mfloat-abi=soft -mthumb -o "Core/Src/main.o"
../Core/Src/main.c: In function 'main':
../Core/Src/main.c:167:25: warning: pointer targets in passing argument 2 of 'nRF24_SetRXAddress' differ in signedness [-Wpointer-sign]
  167 |   nRF24_SetRXAddress(0, "Odb");
      |                         ^~~~~
      |                         |
      |                         char *
In file included from ../Core/Src/main.c:37:
../Core/Inc/nRF24.h:151:48: note: expected 'uint8_t *' {aka 'unsigned char *'} but argument is of type 'char *'
  151 | void nRF24_SetRXAddress(uint8_t pipe, uint8_t* address); // Remember to define RX address before TX
      |                                       ~~~~~~~~~^~~~~~~
../Core/Src/main.c:168:22: warning: pointer targets in passing argument 1 of 'nRF24_SetTXAddress' differ in signedness [-Wpointer-sign]
  168 |   nRF24_SetTXAddress("Nad");
      |                      ^~~~~
      |                      |
      |                      char *
In file included from ../Core/Src/main.c:37:
../Core/Inc/nRF24.h:152:34: note: expected 'uint8_t *' {aka 'unsigned char *'} but argument is of type 'char *'
  152 | void nRF24_SetTXAddress(uint8_t* address);
      |                         ~~~~~~~~~^~~~~~~
../Core/Src/main.c:178:34: warning: format '%d' expects argument of type 'int', but argument 2 has type 'uint32_t' {aka 'long unsigned int'} [-Wformat=]
  178 |           printf("Heart Beat =  %d\n", HeartBeatValue);
      |                                 ~^     ~~~~~~~~~~~~~~
      |                                  |     |
      |                                  int   uint32_t {aka long unsigned int}
      |                                 %ld
../Core/Src/main.c:172:12: warning: unused variable 'Timer' [-Wunused-variable]
  172 |   uint32_t Timer = HAL_GetTick();
      |            ^~~~~
arm-none-eabi-gcc -gdwarf-4 -o "sensory.elf" @"objects.list"   -mcpu=cortex-m0plus -T"C:\Users\kuba\STM32CubeIDE\workspace_1.14.1\sensory\STM32L053R8TX_FLASH.ld" --specs=nosys.specs -Wl,-Map="sensory.map" -Wl,--gc-sections -static -u _printf_float -u _scanf_float --specs=nano.specs -mfloat-abi=soft -mthumb -u _printf_float -u _scanf_float -Wl,--start-group -lc -lm -Wl,--end-group
Finished building target: sensory.elf
 
arm-none-eabi-size  sensory.elf 
arm-none-eabi-objdump -h -S sensory.elf  > "sensory.list"
   text	   data	    bss	    dec	    hex	filename
  61568	    476	   3088	  65132	   fe6c	sensory.elf
Finished building: default.size.stdout
 
Finished building: sensory.list
 

23:49:03 Build Finished. 0 errors, 4 warnings. (took 1s.105ms)

