19:31:53 **** Incremental Build of configuration Debug for project sensory_v2 ****
make -j12 all 
arm-none-eabi-objcopy -O ihex sensory_v2.elf sensory_v2.hex
 
arm-none-eabi-gcc -o "sensory_v2.elf" @"objects.list"   -mcpu=cortex-m0plus -T"C:\Users\kuba\STM32CubeIDE\workspace_1.14.1\sensory_v2\STM32L071KBTX_FLASH.ld" --specs=nosys.specs -Wl,-Map="sensory_v2.map" -Wl,--gc-sections -static --specs=nano.specs -mfloat-abi=soft -mthumb -Wl,--start-group -lc -lm -Wl,--end-group
Finished building target: sensory_v2.elf
 
arm-none-eabi-size  sensory_v2.elf 
arm-none-eabi-objdump -h -S sensory_v2.elf  > "sensory_v2.list"
   text	   data	    bss	    dec	    hex	filename
   5120	     20	   1572	   6712	   1a38	sensory_v2.elf
Finished building: default.size.stdout
 
Finished building: sensory_v2.list
 

19:31:55 Build Finished. 0 errors, 0 warnings. (took 2s.634ms)

