19:07:52 **** Incremental Build of configuration Debug for project sensory ****
make -j12 all 
arm-none-eabi-gcc -gdwarf-4 "../Core/Src/main.c" -mcpu=cortex-m0plus -std=gnu11 -g3 -DDEBUG -DUSE_HAL_DRIVER -DSTM32L053xx -c -I../Core/Inc -I../Drivers/STM32L0xx_HAL_Driver/Inc -I../Drivers/STM32L0xx_HAL_Driver/Inc/Legacy -I../Drivers/CMSIS/Device/ST/STM32L0xx/Include -I../Drivers/CMSIS/Include -O0 -ffunction-sections -fdata-sections -Wall -fstack-usage -fcyclomatic-complexity -MMD -MP -MF"Core/Src/main.d" -MT"Core/Src/main.o" --specs=nano.specs -mfloat-abi=soft -mthumb -o "Core/Src/main.o"
arm-none-eabi-gcc -gdwarf-4 "../Core/Src/usart.c" -mcpu=cortex-m0plus -std=gnu11 -g3 -DDEBUG -DUSE_HAL_DRIVER -DSTM32L053xx -c -I../Core/Inc -I../Drivers/STM32L0xx_HAL_Driver/Inc -I../Drivers/STM32L0xx_HAL_Driver/Inc/Legacy -I../Drivers/CMSIS/Device/ST/STM32L0xx/Include -I../Drivers/CMSIS/Include -O0 -ffunction-sections -fdata-sections -Wall -fstack-usage -fcyclomatic-complexity -MMD -MP -MF"Core/Src/usart.d" -MT"Core/Src/usart.o" --specs=nano.specs -mfloat-abi=soft -mthumb -o "Core/Src/usart.o"
../Core/Src/main.c: In function 'HAL_TIM_PeriodElapsedCallback':
../Core/Src/main.c:90:35: warning: pointer targets in passing argument 2 of 'HAL_UART_Transmit_IT' differ in signedness [-Wpointer-sign]
   90 |     HAL_UART_Transmit_IT(&huart2, ".", 1);
      |                                   ^~~
      |                                   |
      |                                   char *
In file included from ../Core/Inc/stm32l0xx_hal_conf.h:281,
                 from ../Drivers/STM32L0xx_HAL_Driver/Inc/stm32l0xx_hal.h:29,
                 from ../Core/Inc/main.h:30,
                 from ../Core/Src/main.c:20:
../Drivers/STM32L0xx_HAL_Driver/Inc/stm32l0xx_hal_uart.h:1512:82: note: expected 'const uint8_t *' {aka 'const unsigned char *'} but argument is of type 'char *'
 1512 | HAL_StatusTypeDef HAL_UART_Transmit_IT(UART_HandleTypeDef *huart, const uint8_t *pData, uint16_t Size);
      |                                                                   ~~~~~~~~~~~~~~~^~~~~
../Core/Src/main.c: In function 'main':
../Core/Src/main.c:144:25: warning: pointer targets in passing argument 2 of 'nRF24_SetRXAddress' differ in signedness [-Wpointer-sign]
  144 |   nRF24_SetRXAddress(0, "Odb");
      |                         ^~~~~
      |                         |
      |                         char *
In file included from ../Core/Src/main.c:35:
../Core/Inc/nRF24.h:188:48: note: expected 'uint8_t *' {aka 'unsigned char *'} but argument is of type 'char *'
  188 | void nRF24_SetRXAddress(uint8_t pipe, uint8_t* address); // Remember to define RX address before TX
      |                                       ~~~~~~~~~^~~~~~~
../Core/Src/main.c:145:22: warning: pointer targets in passing argument 1 of 'nRF24_SetTXAddress' differ in signedness [-Wpointer-sign]
  145 |   nRF24_SetTXAddress("Nad");
      |                      ^~~~~
      |                      |
      |                      char *
In file included from ../Core/Src/main.c:35:
../Core/Inc/nRF24.h:189:34: note: expected 'uint8_t *' {aka 'unsigned char *'} but argument is of type 'char *'
  189 | void nRF24_SetTXAddress(uint8_t* address);
      |                         ~~~~~~~~~^~~~~~~
../Core/Src/main.c:156:43: warning: pointer targets in passing argument 1 of 'sprintf' differ in signedness [-Wpointer-sign]
  156 |                   MessageLength = sprintf(Message, "%c\n\r", Nrf24_Message);
      |                                           ^~~~~~~
      |                                           |
      |                                           uint8_t * {aka unsigned char *}
In file included from ../Core/Src/main.c:33:
C:\ST\STM32CubeIDE_1.14.1\STM32CubeIDE\plugins\com.st.stm32cube.ide.mcu.externaltools.gnu-tools-for-stm32.11.3.rel1.win32_1.1.100.202309141235\tools\bin/../lib/gcc/arm-none-eabi/11.3.1/../../../../arm-none-eabi/include/stdio.h:254:18: note: expected 'char * restrict' but argument is of type 'uint8_t *' {aka 'unsigned char *'}
  254 | int     sprintf (char *__restrict, const char *__restrict, ...)
      |                  ^
../Core/Src/main.c:156:54: warning: format '%c' expects argument of type 'int', but argument 3 has type 'uint8_t *' {aka 'unsigned char *'} [-Wformat=]
  156 |                   MessageLength = sprintf(Message, "%c\n\r", Nrf24_Message);
      |                                                     ~^       ~~~~~~~~~~~~~
      |                                                      |       |
      |                                                      int     uint8_t * {aka unsigned char *}
      |                                                     %hhn
arm-none-eabi-gcc -gdwarf-4 -o "sensory.elf" @"objects.list"   -mcpu=cortex-m0plus -T"C:\Users\kuba\STM32CubeIDE\workspace_1.14.1\sensory\STM32L053R8TX_FLASH.ld" --specs=nosys.specs -Wl,-Map="sensory.map" -Wl,--gc-sections -static -u _printf_float -u _scanf_float --specs=nano.specs -mfloat-abi=soft -mthumb -u _printf_float -u _scanf_float -Wl,--start-group -lc -lm -Wl,--end-group
Finished building target: sensory.elf
 
arm-none-eabi-size  sensory.elf 
arm-none-eabi-objdump -h -S sensory.elf  > "sensory.list"
   text	   data	    bss	    dec	    hex	filename
  54844	    476	   3492	  58812	   e5bc	sensory.elf
Finished building: default.size.stdout
 
Finished building: sensory.list
 

19:07:53 Build Finished. 0 errors, 5 warnings. (took 1s.271ms)

